
0
	test namefirst classifiersecond classifier