ERROR usage: bilocation [<flags>]
ERROR 
ERROR file management with tags
ERROR 
ERROR Flags:
ERROR   --help     Show context-sensitive help (also try --help-long and --help-man).
ERROR   --version  Show application version.
ERROR 
