INFO query:
INFO 	AND: a/b=c
INFO 		name tag: name(a) classifier() op()
INFO 		name tag: name(c) classifier(b) op(=)
