INFO query:
INFO 	AND: a=*/b
INFO 		classifier tag: classifier(a)
INFO 		name tag: name(b) classifier() op()
