INFO query:
INFO 	AND: a/b/c/d
INFO 		name tag: name(a) classifier() op()
INFO 		name tag: name(b) classifier() op()
INFO 		name tag: name(c) classifier() op()
INFO 		name tag: name(d) classifier() op()
