INFO query:
INFO 	AND: a/b
INFO 		name tag: name(a) classifier() op()
INFO 		name tag: name(b) classifier() op()
