INFO query:
INFO 	AND: a/b=c/d
INFO 		name tag: name(a) classifier() op()
INFO 		name tag: name(c) classifier(b) op(=)
INFO 		name tag: name(d) classifier() op()
