INFO query:
INFO 	AND: a/b,d
INFO 		name tag: name(a) classifier() op()
INFO 		OR: b,d
INFO 			name tag: name(b) classifier() op()
INFO 			name tag: name(d) classifier() op()
