INFO query:
INFO 	name tag: name(b) classifier(a) op(!=)
