INFO query:
INFO 	name tag: name(a) classifier() op(!)
