INFO query:
INFO 	OR: a=b,c
INFO 		name tag: name(b) classifier(a) op(=)
INFO 		name tag: name(c) classifier() op()
