INFO query:
INFO 	OR: a,b
INFO 		name tag: name(a) classifier() op()
INFO 		name tag: name(b) classifier() op()
