INFO query:
INFO 	OR: a,b,c
INFO 		name tag: name(a) classifier() op()
INFO 		name tag: name(b) classifier() op()
INFO 		name tag: name(c) classifier() op()
