INFO query:
INFO 	OR: a,b=*,c
INFO 		name tag: name(a) classifier() op()
INFO 		classifier tag: classifier(b)
INFO 		name tag: name(c) classifier() op()
