INFO query:
INFO 	OR: a,b,c=d
INFO 		name tag: name(a) classifier() op()
INFO 		name tag: name(b) classifier() op()
INFO 		name tag: name(d) classifier(c) op(=)
