INFO query:
INFO 	OR: a,b=*
INFO 		name tag: name(a) classifier() op()
INFO 		classifier tag: classifier(b)
