INFO query:
INFO 	OR: a=*,b
INFO 		classifier tag: classifier(a)
INFO 		name tag: name(b) classifier() op()
